Creating an optimized production build...
Compiled with warnings.

[eslint] 
src\Components\Footer.jsx
  Line 2:10:  'Link' is defined but never used  no-unused-vars

src\Pages\Login.jsx
  Line 52:11:  'adminLogin' is assigned a value but never used  no-unused-vars

Search for the keywords to learn more about each warning.
To ignore, add // eslint-disable-next-line to the line before.

File sizes after gzip:

  257.41 kB (-1.14 kB)  build\static\js\main.0f64c720.js
  23.9 kB               build\static\css\main.f1bee6eb.css

The project was built assuming it is hosted at /.
You can control this with the homepage field in your package.json.

The build folder is ready to be deployed.
You may serve it with a static server:

  npm install -g serve
  serve -s build

Find out more about deployment here:

  https://cra.link/deployment

